// Jest Snapshot v1, https://goo.gl/fbAQLP

exports[`<SearchGrid /> should render 1`] = `
<div>
  <div
    style="position: fixed; z-index: 9999; top: 16px; left: 16px; right: 16px; bottom: 16px; pointer-events: none;"
  />
  <div
    class="loading-spinner z-1 absolute-centered fixed"
    role="alert"
  />
</div>
`;
