// Jest Snapshot v1, https://goo.gl/fbAQLP

exports[`<Post /> should pass this smoke test 1`] = `
<div>
  <div>
    <aside
      class="styles__Aside-sc-1dx68p8-1 styles__Left-sc-1dx68p8-3 iRBGbB lbgyPQ"
    >
      <div
        class="styles__Wrapper-sc-1cmfsck-0 hCeUgo Hero-sc-ccefni-0 jJtJLd"
      >
        <div
          class="styles__ImageWrapper-sc-1cmfsck-1 kyTZqY hero-image"
        >
          <img
            alt="Hero"
            height="240"
            layout="fixed"
            src="image.png"
            width="240"
          />
        </div>
        <div
          class="styles__TitleWrapper-sc-1cmfsck-2 katTyK"
        >
          <h1
            class="styles__Title-sc-1cmfsck-3 bZqLkF hero-title"
          >
            Hero
          </h1>
        </div>
      </div>
    </aside>
    <div
      class="styles__Center-sc-1dx68p8-2 ikeXYJ"
    >
      <main
        class="Style__ContentWrapper-sc-1fmkjdx-0 ecOWkF"
      >
        <div
          class="styles__Wrapper-sc-1ipjxj5-0 cQNWRb"
        >
          <table
            class="styles__BaseTable-sc-1ipjxj5-1 kAMtlf"
          >
            <table>
              <thead>
                <tr>
                  <th
                    align="center"
                  >
                    End time
                  </th>
                  <th
                    align="center"
                  >
                    Percentage
                  </th>
                </tr>
              </thead>
              <tbody>
                <tr>
                  <td
                    align="center"
                  >
                    <code>
                      xx:00
                    </code>
                  </td>
                  <td
                    align="center"
                  >
                    96,04%
                  </td>
                </tr>
                <tr>
                  <td
                    align="center"
                  >
                    <code>
                      xx:15
                    </code>
                  </td>
                  <td
                    align="center"
                  >
                    1,08%
                  </td>
                </tr>
                <tr>
                  <td
                    align="center"
                  >
                    <code>
                      xx:30
                    </code>
                  </td>
                  <td
                    align="center"
                  >
                    1,68%
                  </td>
                </tr>
                <tr>
                  <td
                    align="center"
                  >
                    <code>
                      xx:45
                    </code>
                  </td>
                  <td
                    align="center"
                  >
                    1,19%
                  </td>
                </tr>
              </tbody>
            </table>
          </table>
        </div>
      </main>
    </div>
    <aside
      class="styles__Aside-sc-1dx68p8-1 styles__Right-sc-1dx68p8-4 iRBGbB NmRDV"
    >
      <section
        class="styles__Wrapper-sc-qv21up-0 lbeCIe Newsletter-sc-10xui6p-0 fLaiZq"
      >
        <h2
          class="styles__Title-sc-qv21up-1 fbkLeY"
        >
          Get our
           
          <strong>
            newsletter
          </strong>
          <br />
          and receive every fresh content!
          <div
            class="styles__Wrapper-sc-2v81mj-0 kOAzGP styles__MailboxImage-sc-qv21up-2 gjVtzG"
            data-loaded="false"
          >
            <img
              alt="Royal mail"
              height="64"
              layout="fixed"
              src="image"
              width="64"
            />
          </div>
        </h2>
        <div
          class="styles__FormGroup-sc-qv21up-3 cNoCwq"
        >
          <label
            class="styles__Label-sc-qv21up-4"
            for="newsletter-email-input"
          >
            Email
          </label>
          <div
            class="styles__Wrapper-sc-1iw3xv8-0"
          >
            <div
              class="styles__InputWrapper-sc-1iw3xv8-4 fbdQfC"
            >
              <input
                aria-invalid="false"
                autocomplete="off"
                class="styles__Input-sc-1iw3xv8-1 jcvyZd"
                id="newsletter-email-input"
                placeholder="your@email.com"
                value=""
              />
              <button
                aria-hidden="true"
                aria-label="Clear input"
                class="styles__ClearButton-sc-1iw3xv8-3 jnbezY"
                disabled=""
              />
            </div>
            <span
              aria-hidden="true"
              class="styles__ErrorMessage-sc-1iw3xv8-2 krQlfx"
              id="c993a17d-9b31-4ed1-9960-1b41ac4266be"
              role="alert"
            />
          </div>
        </div>
        <button
          class="styles__Button-sc-8xk5cc-0 lirFqW styles__Button-sc-qv21up-5 gbGTMS"
          data-loading="false"
          type="submit"
        >
          Sign up
          <div
            class="styles__Wrapper-sc-2v81mj-0 kOAzGP styles__LetterImage-sc-qv21up-6"
            data-loaded="false"
          >
            <img
              alt="Stamped letter"
              height="15"
              layout="fixed"
              src="image"
              width="26"
            />
          </div>
        </button>
      </section>
    </aside>
  </div>
</div>
`;
